[royborkin.editorx.io/osthesis---royborkin.html]
[static.parastorage.com/unpkg/core-js-bundle@3.2.1/minified.js]
[static.parastorage.com/unpkg/focus-within-polyfill@5.0.9/dist/focus-within-polyfill.js]
[backblue.gif]
[fade.gif]
[index.html]
[polyfill.io/v3/polyfill.mind82c.js]
[browser.sentry-cdn.com/6.18.2/bundle.min.js]
[royborkin.editorx.io/decodeURIComponent(e]
[royborkin.editorx.io/sitemap.xml]
[royborkin.editorx.io/feed.xml]
[static.parastorage.com/services/wix-thunderbolt/dist/bootstrap-features.bec8a0f6.bundle.min.js]
[static.parastorage.com/services/wix-thunderbolt/dist/main.590f0ed9.bundle.min.js]
[static.parastorage.com/unpkg/lodash@4.17.21/lodash.min.js]
[static.parastorage.com/unpkg/react@16.13.1/umd/react.production.min.js]
[static.parastorage.com/services/tag-manager-client/1.427.0/siteTags.bundle.min.js]
[static.parastorage.com/services/wix-perf-measure/1.756.0/wix-perf-measure.bundle.min.js]
[royborkin.editorx.io/index.html]
[static.parastorage.com/unpkg/react-dom@16.13.1/umd/react-dom.production.min.js]
[royborkin.editorx.io/osthesis---royborkin/blog-feed.xml]
[royborkin.editorx.io/265e9a4a.min.css]
[royborkin.editorx.io/18f3b6df.min.css]
[royborkin.editorx.io/4a6a7fc9.min.css]
[royborkin.editorx.io/37bd0eeb.min.css]
[royborkin.editorx.io/ba7d2620.min.css]
[royborkin.editorx.io/0078bb82.min.css]
[royborkin.editorx.io/186633ba.min.css]
[royborkin.editorx.io/2aa93db9.min.css]
[royborkin.editorx.io/9a0ae350.chunk.min.js]
[royborkin.editorx.io/e8ad17f3.chunk.min.js]
[royborkin.editorx.io/rb_wixui.thunderbolt_bootstrap-classic.8c7d9b7b.chunk.min.js]
[royborkin.editorx.io/rb_wixui.thunderbolt_bootstrap-responsive.a66c1914.chunk.min.css]
[royborkin.editorx.io/rb_wixui.thunderbolt_bootstrap-responsive.e8ad17f3.chunk.min.js]
[royborkin.editorx.io/rb_wixui.thunderbolt_common-site-members-dialogs.e6a271c3.chunk.min.css]
[royborkin.editorx.io/rb_wixui.thunderbolt_common-site-members-dialogs.1cd0180b.chunk.min.js]
[royborkin.editorx.io/rb_wixui.thunderbolt_bootstrap.5641211f.chunk.min.css]
[royborkin.editorx.io/rb_wixui.thunderbolt_bootstrap.9a0ae350.chunk.min.js]
[static.wixstatic.com/media/dfb9ea_d2549b69305d4c82af5ad9f4092f68f4_mv2.png/v1/crop/x_1,y_0,w_565,h_568/fill/w_170,h_170,al_c,q_85,usm_0.66_1.00_0.01,blur_2,enc_auto/rb (1).png]
[static.wixstatic.com/media/84770f_055d997816fc45ef9c3949dfc753ec49_mv2.png/v1/fill/w_245,h_26,al_c,q_85,usm_0.66_1.00_0.01,blur_2,enc_auto/Hard Gradient from bottom.png]
[static.wixstatic.com/media/dfb9ea_e84649faa9af497d968386ac0b76edf6_mv2.png/v1/fill/w_245,h_175,al_c,q_85,usm_0.66_1.00_0.01,blur_2/Untitled_2022-May-23_08-30-49AM-000_CustomizedView]
[static.wixstatic.com/media/ea26fd_8ed7dc63397c45969e1d658cb28c5a7bf000.jpg/v1/fill/w_160,h_90,al_c,q_80,usm_0.66_1.00_0.01,blur_3,/ea26fd_8ed7dc63397c45969e1d658cb28c5a7bf000.25.del]
[static.wixstatic.com/media/dfb9ea_1cae6ec4a7024fb3b5fbeaff65f9d6e2_mv2.png/v1/fill/w_170,h_170,al_c,q_85,usm_0.66_1.00_0.01,blur_2,enc_auto/rb2 (1).png]
[royborkin.editorx.io/osthesis---royborkin/games.html]
[static.wixstatic.com/media/84770f_62f7b7cff40244d3a41b1b39ce6ea7a7_mv2.png/v1/fill/w_245,h_138,al_c,q_85,usm_0.66_1.00_0.01,blur_2,enc_auto/Gradient Orb.png]
[royborkin.editorx.io/osthesis---royborkin.html]
[royborkin.editorx.io/decodeURIComponent(e.html]
[royborkin.editorx.io/sitemap.html]
[royborkin.editorx.io/feed.html]
[royborkin.editorx.io/index.html]
[royborkin.editorx.io/265e9a4a.min.html]
[royborkin.editorx.io/18f3b6df.min.html]
[royborkin.editorx.io/4a6a7fc9.min.html]
[royborkin.editorx.io/37bd0eeb.min.html]
[royborkin.editorx.io/ba7d2620.min.html]
[royborkin.editorx.io/0078bb82.min.html]
[royborkin.editorx.io/186633ba.min.html]
[royborkin.editorx.io/2aa93db9.min.html]
[royborkin.editorx.io/9a0ae350.chunk.min.html]
[royborkin.editorx.io/e8ad17f3.chunk.min.html]
[royborkin.editorx.io/rb_wixui.thunderbolt_bootstrap-classic.8c7d9b7b.chunk.min.html]
[royborkin.editorx.io/rb_wixui.thunderbolt_bootstrap-responsive.a66c1914.chunk.min.html]
[royborkin.editorx.io/rb_wixui.thunderbolt_bootstrap-responsive.e8ad17f3.chunk.min.html]
[royborkin.editorx.io/rb_wixui.thunderbolt_common-site-members-dialogs.e6a271c3.chunk.min.html]
[royborkin.editorx.io/rb_wixui.thunderbolt_common-site-members-dialogs.1cd0180b.chunk.min.html]
[royborkin.editorx.io/rb_wixui.thunderbolt_bootstrap.5641211f.chunk.min.html]
[royborkin.editorx.io/rb_wixui.thunderbolt_bootstrap.9a0ae350.chunk.min.html]
[royborkin.editorx.io/osthesis---royborkin/company.html]
[royborkin.editorx.io/osthesis---royborkin/decodeURIComponent(e]
[royborkin.editorx.io/osthesis---royborkin/robots.txt]
[royborkin.editorx.io/osthesis---royborkin/sitemap.xml]
[royborkin.editorx.io/osthesis---royborkin/feed.xml]
[royborkin.editorx.io/osthesis---royborkin/265e9a4a.min.css]
[royborkin.editorx.io/osthesis---royborkin/18f3b6df.min.css]
[royborkin.editorx.io/osthesis---royborkin/4a6a7fc9.min.css]
[royborkin.editorx.io/osthesis---royborkin/ba7d2620.min.css]
[royborkin.editorx.io/osthesis---royborkin/186633ba.min.css]
[royborkin.editorx.io/osthesis---royborkin/9a0ae350.chunk.min.js]
[royborkin.editorx.io/osthesis---royborkin/e8ad17f3.chunk.min.js]
[royborkin.editorx.io/osthesis---royborkin/rb_wixui.thunderbolt_bootstrap-classic.8c7d9b7b.chunk.min.js]
[royborkin.editorx.io/osthesis---royborkin/rb_wixui.thunderbolt_bootstrap-responsive.a66c1914.chunk.min.css]
[royborkin.editorx.io/osthesis---royborkin/rb_wixui.thunderbolt_bootstrap-responsive.e8ad17f3.chunk.min.js]
[royborkin.editorx.io/osthesis---royborkin/rb_wixui.thunderbolt_common-site-members-dialogs.e6a271c3.chunk.min.css]
[royborkin.editorx.io/osthesis---royborkin/rb_wixui.thunderbolt_common-site-members-dialogs.1cd0180b.chunk.min.js]
[royborkin.editorx.io/osthesis---royborkin/rb_wixui.thunderbolt_bootstrap.5641211f.chunk.min.css]
[royborkin.editorx.io/osthesis---royborkin/rb_wixui.thunderbolt_bootstrap.9a0ae350.chunk.min.js]
[static.wixstatic.com/media/dfb9ea_7c6bca968e4247b8bb13ab36914b6431_mv2.png/v1/fill/w_245,h_189,al_c,q_85,usm_0.66_1.00_0.01,blur_2/Untitled_2022-May-23_07-53-35AM-000_CustomizedView]
[static.wixstatic.com/media/84770f_a90408b135ca4739b8bf8efa8063f59c_mv2.png/v1/fill/w_245,h_26,al_c,q_85,usm_0.66_1.00_0.01,blur_2,enc_auto/Hard Gradient from bottom.png]
[royborkin.editorx.io/osthesis---royborkin/company.html]
[static.parastorage.com/services/pro-gallery-santa-wrapper/1.2596.0/staticCss.min.css]
[static.wixstatic.com/media/ea26fd_88b8ea2988834b0080027de82ce803d2_mv2.jpg/v1/fill/w_313,h_500,q_90/ea26fd_88b8ea2988834b0080027de82ce803d2_mv2.jpg]
[static.wixstatic.com/media/ea26fd_b3ffea069f5647799ee574eb26d7a6c4_mv2.jpg/v1/fill/w_313,h_500,q_90/ea26fd_b3ffea069f5647799ee574eb26d7a6c4_mv2.jpg]
[static.wixstatic.com/media/ea26fd_534fae8e504444af8ffd5625c866b9ea_mv2.jpg/v1/fill/w_313,h_500,q_90/ea26fd_534fae8e504444af8ffd5625c866b9ea_mv2.jpg]
[static.wixstatic.com/media/ea26fd_1c587bb30a974fc980594fd682e7ae19_mv2.jpg/v1/fill/w_313,h_500,q_90/ea26fd_1c587bb30a974fc980594fd682e7ae19_mv2.jpg]
[static.wixstatic.com/media/ea26fd_894d40d20a9e436888e8a06216c5a9ee_mv2.png/v1/fill/w_134,h_40,al_c,q_85,blur_3,enc_auto/ea26fd_894d40d20a9e436888e8a06216c5a9ee_mv2.png]
[static.wixstatic.com/media/ea26fd_6dbabca0ce2a42b6b8335d33e9c72cc0_mv2.jpg/v1/fill/w_245,h_138,al_c,q_80,usm_0.66_1.00_0.01,blur_2/ea26fd_6dbabca0ce2a42b6b8335d33e9c72cc0_mv2.43.del]
[static.wixstatic.com/media/ea26fd_1c587bb30a974fc980594fd682e7ae19_mv2.jpg/v1/fill/w_245,h_138,al_c,q_80,usm_0.66_1.00_0.01,blur_2/ea26fd_1c587bb30a974fc980594fd682e7ae19_mv2.42.del]
[static.wixstatic.com/media/ea26fd_b300bf99797c4338b69510f390998bed_mv2.png/v1/fill/w_135,h_40,al_c,q_85,blur_3,enc_auto/ea26fd_b300bf99797c4338b69510f390998bed_mv2.png]
[royborkin.editorx.io/osthesis---royborkin/games.html]
[royborkin.editorx.io/osthesis---royborkin/decodeURIComponent(e.html]
[royborkin.editorx.io/osthesis---royborkin/robots.html]
[royborkin.editorx.io/osthesis---royborkin/feed.html]
[static.wixstatic.com/media/ea26fd_5187959a183c47feaeec6aefb88574df_mv2.jpg/v1/fill/w_245,h_138,al_c,q_80,usm_0.66_1.00_0.01,blur_2/ea26fd_5187959a183c47feaeec6aefb88574df_mv2.47.del]
[static.wixstatic.com/media/ea26fd_b3ffea069f5647799ee574eb26d7a6c4_mv2.jpg/v1/fill/w_245,h_138,al_c,q_80,usm_0.66_1.00_0.01,blur_2/ea26fd_b3ffea069f5647799ee574eb26d7a6c4_mv2.48.del]
[static.wixstatic.com/media/ea26fd_a7e82bf9a2d64b4c985bc9280868f4b4_mv2.jpg/v1/fill/w_245,h_138,al_c,q_80,usm_0.66_1.00_0.01,blur_2/ea26fd_a7e82bf9a2d64b4c985bc9280868f4b4_mv2.46.del]
[royborkin.editorx.io/osthesis---royborkin/265e9a4a.min.html]
[static.wixstatic.com/media/ea26fd_fdcef0bf47904834a14a16ab7d8624fb_mv2.jpg/v1/fill/w_245,h_138,al_c,q_80,usm_0.66_1.00_0.01,blur_2/ea26fd_fdcef0bf47904834a14a16ab7d8624fb_mv2.49.del]
[royborkin.editorx.io/osthesis---royborkin/18f3b6df.min.html]
[royborkin.editorx.io/osthesis---royborkin/4a6a7fc9.min.html]
[royborkin.editorx.io/osthesis---royborkin/ba7d2620.min.html]
[royborkin.editorx.io/osthesis---royborkin/186633ba.min.html]
[royborkin.editorx.io/osthesis---royborkin/9a0ae350.chunk.min.html]
[royborkin.editorx.io/osthesis---royborkin/e8ad17f3.chunk.min.html]
[royborkin.editorx.io/osthesis---royborkin/rb_wixui.thunderbolt_bootstrap-classic.8c7d9b7b.chunk.min.html]
[royborkin.editorx.io/osthesis---royborkin/rb_wixui.thunderbolt_bootstrap-responsive.a66c1914.chunk.min.html]
[royborkin.editorx.io/osthesis---royborkin/rb_wixui.thunderbolt_bootstrap-responsive.e8ad17f3.chunk.min.html]
[royborkin.editorx.io/osthesis---royborkin/rb_wixui.thunderbolt_common-site-members-dialogs.e6a271c3.chunk.min.html]
[royborkin.editorx.io/osthesis---royborkin/rb_wixui.thunderbolt_common-site-members-dialogs.1cd0180b.chunk.min.html]
[royborkin.editorx.io/osthesis---royborkin/rb_wixui.thunderbolt_bootstrap.5641211f.chunk.min.html]
[royborkin.editorx.io/osthesis---royborkin/rb_wixui.thunderbolt_bootstrap.9a0ae350.chunk.min.html]
[static.parastorage.com/services/pro-gallery-santa-wrapper/1.2596.0/staticCss.min.css]
[static.wixstatic.com/media/ea26fd_88b8ea2988834b0080027de82ce803d2_mv2.jpg/v1/fill/w_245,h_138,al_c,q_80,usm_0.66_1.00_0.01,blur_2/ea26fd_88b8ea2988834b0080027de82ce803d2_mv2.4a.del]
[static.wixstatic.com/media/ea26fd_3e026c083e004c869b8e0fce64f4c9ec_mv2.jpg/v1/fill/w_245,h_245,al_c,q_80,usm_0.66_1.00_0.01,blur_2/ea26fd_3e026c083e004c869b8e0fce64f4c9ec_mv2.4b.del]
[static.parastorage.com/services/pro-gallery-santa-wrapper/1.2596.0/media/emptystate.f4c750b6.svg]
